Archive member included to satisfy reference by file (symbol)

C:/ST/STM32CubeIDE_1.0.1/STM32CubeIDE/plugins/com.st.stm32cube.ide.mcu.externaltools.gnu-tools-for-stm32.12.3.rel1.win32_1.0.200.202406191623/tools/bin/../lib/gcc/arm-none-eabi/12.3.1/../../../../arm-none-eabi/lib/thumb/v7e-m+fp/hard\libc_nano.a(libc_a-exit.o)
                              C:/ST/STM32CubeIDE_1.0.1/STM32CubeIDE/plugins/com.st.stm32cube.ide.mcu.externaltools.gnu-tools-for-stm32.12.3.rel1.win32_1.0.200.202406191623/tools/bin/../lib/gcc/arm-none-eabi/12.3.1/../../../../arm-none-eabi/lib/thumb/v7e-m+fp/hard/crt0.o (exit)
C:/ST/STM32CubeIDE_1.0.1/STM32CubeIDE/plugins/com.st.stm32cube.ide.mcu.externaltools.gnu-tools-for-stm32.12.3.rel1.win32_1.0.200.202406191623/tools/bin/../lib/gcc/arm-none-eabi/12.3.1/../../../../arm-none-eabi/lib/thumb/v7e-m+fp/hard\libc_nano.a(libc_a-findfp.o)
                              C:/ST/STM32CubeIDE_1.0.1/STM32CubeIDE/plugins/com.st.stm32cube.ide.mcu.externaltools.gnu-tools-for-stm32.12.3.rel1.win32_1.0.200.202406191623/tools/bin/../lib/gcc/arm-none-eabi/12.3.1/../../../../arm-none-eabi/lib/thumb/v7e-m+fp/hard\libc_nano.a(libc_a-exit.o) (__stdio_exit_handler)
C:/ST/STM32CubeIDE_1.0.1/STM32CubeIDE/plugins/com.st.stm32cube.ide.mcu.externaltools.gnu-tools-for-stm32.12.3.rel1.win32_1.0.200.202406191623/tools/bin/../lib/gcc/arm-none-eabi/12.3.1/../../../../arm-none-eabi/lib/thumb/v7e-m+fp/hard\libc_nano.a(libc_a-fwalk.o)
                              C:/ST/STM32CubeIDE_1.0.1/STM32CubeIDE/plugins/com.st.stm32cube.ide.mcu.externaltools.gnu-tools-for-stm32.12.3.rel1.win32_1.0.200.202406191623/tools/bin/../lib/gcc/arm-none-eabi/12.3.1/../../../../arm-none-eabi/lib/thumb/v7e-m+fp/hard\libc_nano.a(libc_a-findfp.o) (_fwalk_sglue)
C:/ST/STM32CubeIDE_1.0.1/STM32CubeIDE/plugins/com.st.stm32cube.ide.mcu.externaltools.gnu-tools-for-stm32.12.3.rel1.win32_1.0.200.202406191623/tools/bin/../lib/gcc/arm-none-eabi/12.3.1/../../../../arm-none-eabi/lib/thumb/v7e-m+fp/hard\libc_nano.a(libc_a-stdio.o)
                              C:/ST/STM32CubeIDE_1.0.1/STM32CubeIDE/plugins/com.st.stm32cube.ide.mcu.externaltools.gnu-tools-for-stm32.12.3.rel1.win32_1.0.200.202406191623/tools/bin/../lib/gcc/arm-none-eabi/12.3.1/../../../../arm-none-eabi/lib/thumb/v7e-m+fp/hard\libc_nano.a(libc_a-findfp.o) (__sread)
C:/ST/STM32CubeIDE_1.0.1/STM32CubeIDE/plugins/com.st.stm32cube.ide.mcu.externaltools.gnu-tools-for-stm32.12.3.rel1.win32_1.0.200.202406191623/tools/bin/../lib/gcc/arm-none-eabi/12.3.1/../../../../arm-none-eabi/lib/thumb/v7e-m+fp/hard\libc_nano.a(libc_a-memset.o)
                              C:/ST/STM32CubeIDE_1.0.1/STM32CubeIDE/plugins/com.st.stm32cube.ide.mcu.externaltools.gnu-tools-for-stm32.12.3.rel1.win32_1.0.200.202406191623/tools/bin/../lib/gcc/arm-none-eabi/12.3.1/../../../../arm-none-eabi/lib/thumb/v7e-m+fp/hard/crt0.o (memset)
C:/ST/STM32CubeIDE_1.0.1/STM32CubeIDE/plugins/com.st.stm32cube.ide.mcu.externaltools.gnu-tools-for-stm32.12.3.rel1.win32_1.0.200.202406191623/tools/bin/../lib/gcc/arm-none-eabi/12.3.1/../../../../arm-none-eabi/lib/thumb/v7e-m+fp/hard\libc_nano.a(libc_a-closer.o)
                              C:/ST/STM32CubeIDE_1.0.1/STM32CubeIDE/plugins/com.st.stm32cube.ide.mcu.externaltools.gnu-tools-for-stm32.12.3.rel1.win32_1.0.200.202406191623/tools/bin/../lib/gcc/arm-none-eabi/12.3.1/../../../../arm-none-eabi/lib/thumb/v7e-m+fp/hard\libc_nano.a(libc_a-stdio.o) (_close_r)
C:/ST/STM32CubeIDE_1.0.1/STM32CubeIDE/plugins/com.st.stm32cube.ide.mcu.externaltools.gnu-tools-for-stm32.12.3.rel1.win32_1.0.200.202406191623/tools/bin/../lib/gcc/arm-none-eabi/12.3.1/../../../../arm-none-eabi/lib/thumb/v7e-m+fp/hard\libc_nano.a(libc_a-reent.o)
                              C:/ST/STM32CubeIDE_1.0.1/STM32CubeIDE/plugins/com.st.stm32cube.ide.mcu.externaltools.gnu-tools-for-stm32.12.3.rel1.win32_1.0.200.202406191623/tools/bin/../lib/gcc/arm-none-eabi/12.3.1/../../../../arm-none-eabi/lib/thumb/v7e-m+fp/hard\libc_nano.a(libc_a-closer.o) (errno)
C:/ST/STM32CubeIDE_1.0.1/STM32CubeIDE/plugins/com.st.stm32cube.ide.mcu.externaltools.gnu-tools-for-stm32.12.3.rel1.win32_1.0.200.202406191623/tools/bin/../lib/gcc/arm-none-eabi/12.3.1/../../../../arm-none-eabi/lib/thumb/v7e-m+fp/hard\libc_nano.a(libc_a-impure.o)
                              C:/ST/STM32CubeIDE_1.0.1/STM32CubeIDE/plugins/com.st.stm32cube.ide.mcu.externaltools.gnu-tools-for-stm32.12.3.rel1.win32_1.0.200.202406191623/tools/bin/../lib/gcc/arm-none-eabi/12.3.1/../../../../arm-none-eabi/lib/thumb/v7e-m+fp/hard\libc_nano.a(libc_a-reent.o) (_impure_ptr)
C:/ST/STM32CubeIDE_1.0.1/STM32CubeIDE/plugins/com.st.stm32cube.ide.mcu.externaltools.gnu-tools-for-stm32.12.3.rel1.win32_1.0.200.202406191623/tools/bin/../lib/gcc/arm-none-eabi/12.3.1/../../../../arm-none-eabi/lib/thumb/v7e-m+fp/hard\libc_nano.a(libc_a-lseekr.o)
[...]
Memory Configuration

Name             Origin             Length             Attributes
CCMRAM           0x10000000         0x00010000         xrw
RAM              0x20000000         0x00020000         xrw
FLASH            0x08000000         0x00100000         xr
*default*        0x00000000         0xffffffff

Linker script and memory map

LOAD C:/ST/STM32CubeIDE_1.0.1/STM32CubeIDE/plugins/com.st.stm32cube.ide.mcu.externaltools.gnu-tools-for-stm32.12.3.rel1.win32_1.0.200.202406191623/tools/bin/../lib/gcc/arm-none-eabi/12.3.1/thumb/v7e-m+fp/hard/crti.o
LOAD C:/ST/STM32CubeIDE_1.0.1/STM32CubeIDE/plugins/com.st.stm32cube.ide.mcu.externaltools.gnu-tools-for-stm32.12.3.rel1.win32_1.0.200.202406191623/tools/bin/../lib/gcc/arm-none-eabi/12.3.1/thumb/v7e-m+fp/hard/crtbegin.o
LOAD C:/ST/STM32CubeIDE_1.0.1/STM32CubeIDE/plugins/com.st.stm32cube.ide.mcu.externaltools.gnu-tools-for-stm32.12.3.rel1.win32_1.0.200.202406191623/tools/bin/../lib/gcc/arm-none-eabi/12.3.1/../../../../arm-none-eabi/lib/thumb/v7e-m+fp/hard/crt0.o
LOAD ./Src/main.o
LOAD ./Src/syscalls.o
LOAD ./Src/sysmem.o
LOAD ./Startup/startup_stm32f407vgtx.o
LOAD ./drv/src/DEM128064E1FGH.o
LOAD ./drv/src/LCDHAL.o
LOAD ./drv/src/Stm32f407xx_RCC.o
LOAD ./drv/src/keybrd.o
LOAD ./drv/src/stm32f407xx_gpio.o
LOAD ./drv/src/stm32f407xx_spi.o
LOAD ./drv/src/stm32f407xx_tim.o
START GROUP
LOAD C:/ST/STM32CubeIDE_1.0.1/STM32CubeIDE/plugins/com.st.stm32cube.ide.mcu.externaltools.gnu-tools-for-stm32.12.3.rel1.win32_1.0.200.202406191623/tools/bin/../lib/gcc/arm-none-eabi/12.3.1/../../../../arm-none-eabi/lib/thumb/v7e-m+fp/hard\libc_nano.a
LOAD C:/ST/STM32CubeIDE_1.0.1/STM32CubeIDE/plugins/com.st.stm32cube.ide.mcu.externaltools.gnu-tools-for-stm32.12.3.rel1.win32_1.0.200.202406191623/tools/bin/../lib/gcc/arm-none-eabi/12.3.1/../../../../arm-none-eabi/lib/thumb/v7e-m+fp/hard\libm.a
END GROUP
START GROUP
LOAD C:/ST/STM32CubeIDE_1.0.1/STM32CubeIDE/plugins/com.st.stm32cube.ide.mcu.externaltools.gnu-tools-for-stm32.12.3.rel1.win32_1.0.200.202406191623/tools/bin/../lib/gcc/arm-none-eabi/12.3.1/thumb/v7e-m+fp/hard\libgcc.a
LOAD C:/ST/STM32CubeIDE_1.0.1/STM32CubeIDE/plugins/com.st.stm32cube.ide.mcu.externaltools.gnu-tools-for-stm32.12.3.rel1.win32_1.0.200.202406191623/tools/bin/../lib/gcc/arm-none-eabi/12.3.1/../../../../arm-none-eabi/lib/thumb/v7e-m+fp/hard\libc_nano.a
END GROUP
START GROUP
LOAD C:/ST/STM32CubeIDE_1.0.1/STM32CubeIDE/plugins/com.st.stm32cube.ide.mcu.externaltools.gnu-tools-for-stm32.12.3.rel1.win32_1.0.200.202406191623/tools/bin/../lib/gcc/arm-none-eabi/12.3.1/thumb/v7e-m+fp/hard\libgcc.a
LOAD C:/ST/STM32CubeIDE_1.0.1/STM32CubeIDE/plugins/com.st.stm32cube.ide.mcu.externaltools.gnu-tools-for-stm32.12.3.rel1.win32_1.0.200.202406191623/tools/bin/../lib/gcc/arm-none-eabi/12.3.1/../../../../arm-none-eabi/lib/thumb/v7e-m+fp/hard\libc_nano.a
LOAD C:/ST/STM32CubeIDE_1.0.1/STM32CubeIDE/plugins/com.st.stm32cube.ide.mcu.externaltools.gnu-tools-for-stm32.12.3.rel1.win32_1.0.200.202406191623/tools/bin/../lib/gcc/arm-none-eabi/12.3.1/../../../../arm-none-eabi/lib/thumb/v7e-m+fp/hard\libnosys.a
END GROUP
START GROUP
LOAD C:/ST/STM32CubeIDE_1.0.1/STM32CubeIDE/plugins/com.st.stm32cube.ide.mcu.externaltools.gnu-tools-for-stm32.12.3.rel1.win32_1.0.200.202406191623/tools/bin/../lib/gcc/arm-none-eabi/12.3.1/thumb/v7e-m+fp/hard\libgcc.a
LOAD C:/ST/STM32CubeIDE_1.0.1/STM32CubeIDE/plugins/com.st.stm32cube.ide.mcu.externaltools.gnu-tools-for-stm32.12.3.rel1.win32_1.0.200.202406191623/tools/bin/../lib/gcc/arm-none-eabi/12.3.1/../../../../arm-none-eabi/lib/thumb/v7e-m+fp/hard\libc_nano.a
LOAD C:/ST/STM32CubeIDE_1.0.1/STM32CubeIDE/plugins/com.st.stm32cube.ide.mcu.externaltools.gnu-tools-for-stm32.12.3.rel1.win32_1.0.200.202406191623/tools/bin/../lib/gcc/arm-none-eabi/12.3.1/../../../../arm-none-eabi/lib/thumb/v7e-m+fp/hard\libnosys.a
END GROUP
LOAD C:/ST/STM32CubeIDE_1.0.1/STM32CubeIDE/plugins/com.st.stm32cube.ide.mcu.externaltools.gnu-tools-for-stm32.12.3.rel1.win32_1.0.200.202406191623/tools/bin/../lib/gcc/arm-none-eabi/12.3.1/thumb/v7e-m+fp/hard/crtend.o
LOAD C:/ST/STM32CubeIDE_1.0.1/STM32CubeIDE/plugins/com.st.stm32cube.ide.mcu.externaltools.gnu-tools-for-stm32.12.3.rel1.win32_1.0.200.202406191623/tools/bin/../lib/gcc/arm-none-eabi/12.3.1/thumb/v7e-m+fp/hard/crtn.o
                0x20020000                        _estack = (ORIGIN (RAM) + LENGTH (RAM))
                0x00000200                        _Min_Heap_Size = 0x200
                0x00000400                        _Min_Stack_Size = 0x400

.isr_vector     0x08000000      0x1a8
                0x08000000                        . = ALIGN (0x4)
 *(.isr_vector)
 .isr_vector    0x08000000      0x1a8 ./Startup/startup_stm32f407vgtx.o
                0x08000000                g_pfnVectors
                0x080001a8                        . = ALIGN (0x4)

.text           0x080001a8     0x11dc
                0x080001a8                        . = ALIGN (0x4)
 *(.text)
 .text          0x080001a8       0x40 C:/ST/STM32CubeIDE_1.0.1/STM32CubeIDE/plugins/com.st.stm32cube.ide.mcu.externaltools.gnu-tools-for-stm32.12.3.rel1.win32_1.0.200.202406191623/tools/bin/../lib/gcc/arm-none-eabi/12.3.1/thumb/v7e-m+fp/hard/crtbegin.o
 *(.text*)
 .text.main     0x080001e8       0x5c ./Src/main.o
                0x080001e8                main
 .text.SystemClockConfig
                0x08000244       0x48 ./Src/main.o
                0x08000244                SystemClockConfig
 .text.TIM6_Load
                0x0800028c       0x24 ./Src/main.o
                0x0800028c                TIM6_Load
 .text.Reset_Handler
                0x080002b0       0x50 ./Startup/startup_stm32f407vgtx.o
                0x080002b0                Reset_Handler
 .text.Default_Handler
                0x08000300        0x2 ./Startup/startup_stm32f407vgtx.o
                0x08000300                RTC_Alarm_IRQHandler
                0x08000300                HASH_RNG_IRQHandler
                0x08000300                EXTI2_IRQHandler
                0x08000300                TIM8_CC_IRQHandler
                0x08000300                DebugMon_Handler
                0x08000300                TIM1_CC_IRQHandler
                0x08000300                DMA2_Stream5_IRQHandler
                0x08000300                HardFault_Handler
                0x08000300                DMA1_Stream5_IRQHandler
                0x08000300                SysTick_Handler
                0x08000300                PVD_IRQHandler
                0x08000300                SDIO_IRQHandler
                0x08000300                TAMP_STAMP_IRQHandler
                0x08000300                PendSV_Handler
                0x08000300                NMI_Handler
                0x08000300                CAN2_RX1_IRQHandler
                0x08000300                EXTI3_IRQHandler
                0x08000300                TIM8_TRG_COM_TIM14_IRQHandler
                0x08000300                TIM1_UP_TIM10_IRQHandler
                0x08000300                TIM8_UP_TIM13_IRQHandler
                0x08000300                I2C3_ER_IRQHandler
                0x08000300                LCD_TFT_IRQHandler
                0x08000300                EXTI0_IRQHandler
                0x08000300                I2C2_EV_IRQHandler
                0x08000300                DMA1_Stream2_IRQHandler
                0x08000300                CAN1_RX0_IRQHandler
                0x08000300                FPU_IRQHandler
                0x08000300                OTG_HS_WKUP_IRQHandler
                0x08000300                UsageFault_Handler
                0x08000300                CAN2_SCE_IRQHandler
                0x08000300                DMA2_Stream2_IRQHandler
                0x08000300                SPI1_IRQHandler
                0x08000300                TIM6_DAC_IRQHandler
                0x08000300                TIM1_BRK_TIM9_IRQHandler
                0x08000300                DCMI_IRQHandler
                0x08000300                CAN2_RX0_IRQHandler
                0x08000300                DMA2_Stream3_IRQHandler
                0x08000300                USART6_IRQHandler
                0x08000300                USART3_IRQHandler
                0x08000300                CRYP_IRQHandler
                0x08000300                CAN1_RX1_IRQHandler
                0x08000300                UART5_IRQHandler
                0x08000300                DMA2_Stream0_IRQHandler
                0x08000300                TIM4_IRQHandler
                0x08000300                I2C1_EV_IRQHandler
                0x08000300                DMA1_Stream6_IRQHandler
                0x08000300                DMA1_Stream1_IRQHandler
                0x08000300                UART4_IRQHandler
                0x08000300                LCD_TFT_1_IRQHandler
                0x08000300                TIM3_IRQHandler
                0x08000300                RCC_IRQHandler
                0x08000300                TIM8_BRK_TIM12_IRQHandler
                0x08000300                Default_Handler
                0x08000300                EXTI15_10_IRQHandler
                0x08000300                ADC_IRQHandler
                0x08000300                DMA1_Stream7_IRQHandler
                0x08000300                TIM7_IRQHandler
                0x08000300                CAN2_TX_IRQHandler
                0x08000300                TIM5_IRQHandler
                0x08000300                DMA2_Stream7_IRQHandler
                0x08000300                I2C3_EV_IRQHandler
                0x08000300                EXTI9_5_IRQHandler
                0x08000300                RTC_WKUP_IRQHandler
                0x08000300                ETH_WKUP_IRQHandler
                0x08000300                SPI2_IRQHandler
                0x08000300                OTG_HS_EP1_IN_IRQHandler
                0x08000300                MemManage_Handler
                0x08000300                DMA1_Stream0_IRQHandler
                0x08000300                CAN1_TX_IRQHandler
                0x08000300                SVC_Handler
                0x08000300                EXTI4_IRQHandler
                0x08000300                FSMC_IRQHandler
                0x08000300                ETH_IRQHandler
                0x08000300                OTG_HS_EP1_OUT_IRQHandler
                0x08000300                WWDG_IRQHandler
                0x08000300                TIM2_IRQHandler
                0x08000300                OTG_FS_WKUP_IRQHandler
                0x08000300                TIM1_TRG_COM_TIM11_IRQHandler
                0x08000300                OTG_HS_IRQHandler
                0x08000300                EXTI1_IRQHandler
                0x08000300                USART2_IRQHandler
                0x08000300                I2C2_ER_IRQHandler
                0x08000300                DMA2_Stream1_IRQHandler
                0x08000300                CAN1_SCE_IRQHandler
                0x08000300                DMA2_Stream4_IRQHandler
                0x08000300                BusFault_Handler
                0x08000300                USART1_IRQHandler
                0x08000300                OTG_FS_IRQHandler
                0x08000300                SPI3_IRQHandler
                0x08000300                DMA1_Stream4_IRQHandler
                0x08000300                I2C1_ER_IRQHandler
                0x08000300                DMA2_Stream6_IRQHandler
                0x08000300                DMA1_Stream3_IRQHandler
 *fill*         0x08000302        0x2 
 .text.LCD_RST  0x08000304       0x30 ./drv/src/DEM128064E1FGH.o
                0x08000304                LCD_RST
 .text.LCD_Onoff
                0x08000334       0x44 ./drv/src/DEM128064E1FGH.o
                0x08000334                LCD_Onoff
 .text.LCD_ADC  0x08000378       0x44 ./drv/src/DEM128064E1FGH.o
                0x08000378                LCD_ADC
 .text.LCD_DisplayAllPnts
                0x080003bc       0x44 ./drv/src/DEM128064E1FGH.o
                0x080003bc                LCD_DisplayAllPnts
 .text.LCD_Bias
                0x08000400       0x30 ./drv/src/DEM128064E1FGH.o
                0x08000400                LCD_Bias
 .text.LCD_PwrConfig
                0x08000430       0x6c ./drv/src/DEM128064E1FGH.o
                0x08000430                LCD_PwrConfig
 .text.LCD_RbRa
                0x0800049c       0x30 ./drv/src/DEM128064E1FGH.o
                0x0800049c                LCD_RbRa
 .text.LCD_BstMult
                0x080004cc       0x40 ./drv/src/DEM128064E1FGH.o
                0x080004cc                LCD_BstMult
 .text.LCD_Evol
                0x0800050c       0x40 ./drv/src/DEM128064E1FGH.o
                0x0800050c                LCD_Evol
 .text.LCD_ComMode
                0x0800054c       0x30 ./drv/src/DEM128064E1FGH.o
                0x0800054c                LCD_ComMode
 .text.LCD_Normal
                0x0800057c       0x44 ./drv/src/DEM128064E1FGH.o
                0x0800057c                LCD_Normal
 .text.LCD_Init
                0x080005c0      0x144 ./drv/src/LCDHAL.o
                0x080005c0                LCD_Init
 .text.RCC_Init
                0x08000704      0x1ba ./drv/src/Stm32f407xx_RCC.o
                0x08000704                RCC_Init
 *fill*         0x080008be        0x2 
 .text.keybrdMatrixInit
                0x080008c0       0xa0 ./drv/src/keybrd.o
                0x080008c0                keybrdMatrixInit
 .text.GPIO_Init
                0x08000960      0x350 ./drv/src/stm32f407xx_gpio.o
                0x08000960                GPIO_Init
 .text.GPIO_PeriClockControl
                0x08000cb0      0x1b0 ./drv/src/stm32f407xx_gpio.o
                0x08000cb0                GPIO_PeriClockControl
 .text.GPIO_WriteToOutputPin
                0x08000e60       0x4a ./drv/src/stm32f407xx_gpio.o
                0x08000e60                GPIO_WriteToOutputPin
 .text.SPI_GetFlag
                0x08000eaa       0x28 ./drv/src/stm32f407xx_spi.o
                0x08000eaa                SPI_GetFlag
 *fill*         0x08000ed2        0x2 
 .text.SPIx_PeriClockControl
                0x08000ed4       0xb8 ./drv/src/stm32f407xx_spi.o
                0x08000ed4                SPIx_PeriClockControl
 .text.SPIx_Init
                0x08000f8c      0x254 ./drv/src/stm32f407xx_spi.o
                0x08000f8c                SPIx_Init
 .text.SPI_SendData
                0x080011e0       0x84 ./drv/src/stm32f407xx_spi.o
                0x080011e0                SPI_SendData
 .text.delay    0x08001264       0x5e ./drv/src/stm32f407xx_tim.o
                0x08001264                delay
 *fill*         0x080012c2        0x2 
 .text.TIM_init
                0x080012c4       0x60 ./drv/src/stm32f407xx_tim.o
                0x080012c4                TIM_init
 .text.__libc_init_array
                0x08001324       0x48 C:/ST/STM32CubeIDE_1.0.1/STM32CubeIDE/plugins/com.st.stm32cube.ide.mcu.externaltools.gnu-tools-for-stm32.12.3.rel1.win32_1.0.200.202406191623/tools/bin/../lib/gcc/arm-none-eabi/12.3.1/../../../../arm-none-eabi/lib/thumb/v7e-m+fp/hard\libc_nano.a(libc_a-init.o)
                0x08001324                __libc_init_array
 *(.glue_7)
 .glue_7        0x0800136c        0x0 linker stubs
 *(.glue_7t)
 .glue_7t       0x0800136c        0x0 linker stubs
 *(.eh_frame)
 .eh_frame      0x0800136c        0x0 C:/ST/STM32CubeIDE_1.0.1/STM32CubeIDE/plugins/com.st.stm32cube.ide.mcu.externaltools.gnu-tools-for-stm32.12.3.rel1.win32_1.0.200.202406191623/tools/bin/../lib/gcc/arm-none-eabi/12.3.1/thumb/v7e-m+fp/hard/crtbegin.o
 *(.init)
 .init          0x0800136c        0x4 C:/ST/STM32CubeIDE_1.0.1/STM32CubeIDE/plugins/com.st.stm32cube.ide.mcu.externaltools.gnu-tools-for-stm32.12.3.rel1.win32_1.0.200.202406191623/tools/bin/../lib/gcc/arm-none-eabi/12.3.1/thumb/v7e-m+fp/hard/crti.o
                0x0800136c                _init
 .init          0x08001370        0x8 C:/ST/STM32CubeIDE_1.0.1/STM32CubeIDE/plugins/com.st.stm32cube.ide.mcu.externaltools.gnu-tools-for-stm32.12.3.rel1.win32_1.0.200.202406191623/tools/bin/../lib/gcc/arm-none-eabi/12.3.1/thumb/v7e-m+fp/hard/crtn.o
 *(.fini)
 .fini          0x08001378        0x4 C:/ST/STM32CubeIDE_1.0.1/STM32CubeIDE/plugins/com.st.stm32cube.ide.mcu.externaltools.gnu-tools-for-stm32.12.3.rel1.win32_1.0.200.202406191623/tools/bin/../lib/gcc/arm-none-eabi/12.3.1/thumb/v7e-m+fp/hard/crti.o
                0x08001378                _fini
 .fini          0x0800137c        0x8 C:/ST/STM32CubeIDE_1.0.1/STM32CubeIDE/plugins/com.st.stm32cube.ide.mcu.externaltools.gnu-tools-for-stm32.12.3.rel1.win32_1.0.200.202406191623/tools/bin/../lib/gcc/arm-none-eabi/12.3.1/thumb/v7e-m+fp/hard/crtn.o
                0x08001384                        . = ALIGN (0x4)
                0x08001384                        _etext = .

.vfp11_veneer   0x08001384        0x0
 .vfp11_veneer  0x08001384        0x0 linker stubs

.v4_bx          0x08001384        0x0
 .v4_bx         0x08001384        0x0 linker stubs

.iplt           0x08001384        0x0
 .iplt          0x08001384        0x0 C:/ST/STM32CubeIDE_1.0.1/STM32CubeIDE/plugins/com.st.stm32cube.ide.mcu.externaltools.gnu-tools-for-stm32.12.3.rel1.win32_1.0.200.202406191623/tools/bin/../lib/gcc/arm-none-eabi/12.3.1/thumb/v7e-m+fp/hard/crtbegin.o

.rel.dyn        0x08001384        0x0
 .rel.iplt      0x08001384        0x0 C:/ST/STM32CubeIDE_1.0.1/STM32CubeIDE/plugins/com.st.stm32cube.ide.mcu.externaltools.gnu-tools-for-stm32.12.3.rel1.win32_1.0.200.202406191623/tools/bin/../lib/gcc/arm-none-eabi/12.3.1/thumb/v7e-m+fp/hard/crtbegin.o

.rodata         0x08001384        0x0
                0x08001384                        . = ALIGN (0x4)
 *(.rodata)
 *(.rodata*)
                0x08001384                        . = ALIGN (0x4)

.ARM.extab      0x08001384        0x0
                0x08001384                        . = ALIGN (0x4)
 *(.ARM.extab* .gnu.linkonce.armextab.*)
                0x08001384                        . = ALIGN (0x4)

.ARM            0x08001384        0x0
                0x08001384                        . = ALIGN (0x4)
                0x08001384                        __exidx_start = .
 *(.ARM.exidx*)
                0x08001384                        __exidx_end = .
                0x08001384                        . = ALIGN (0x4)

.preinit_array  0x08001384        0x0
                0x08001384                        . = ALIGN (0x4)
                0x08001384                        PROVIDE (__preinit_array_start = .)
 *(.preinit_array*)
                0x08001384                        PROVIDE (__preinit_array_end = .)
                0x08001384                        . = ALIGN (0x4)

.init_array     0x08001384        0x4
                0x08001384                        . = ALIGN (0x4)
                0x08001384                        PROVIDE (__init_array_start = .)
 *(SORT_BY_NAME(.init_array.*))
 *(.init_array*)
 .init_array    0x08001384        0x4 C:/ST/STM32CubeIDE_1.0.1/STM32CubeIDE/plugins/com.st.stm32cube.ide.mcu.externaltools.gnu-tools-for-stm32.12.3.rel1.win32_1.0.200.202406191623/tools/bin/../lib/gcc/arm-none-eabi/12.3.1/thumb/v7e-m+fp/hard/crtbegin.o
                0x08001388                        PROVIDE (__init_array_end = .)
                0x08001388                        . = ALIGN (0x4)

.fini_array     0x08001388        0x4
                0x08001388                        . = ALIGN (0x4)
                [!provide]                        PROVIDE (__fini_array_start = .)
 *(SORT_BY_NAME(.fini_array.*))
 *(.fini_array*)
 .fini_array    0x08001388        0x4 C:/ST/STM32CubeIDE_1.0.1/STM32CubeIDE/plugins/com.st.stm32cube.ide.mcu.externaltools.gnu-tools-for-stm32.12.3.rel1.win32_1.0.200.202406191623/tools/bin/../lib/gcc/arm-none-eabi/12.3.1/thumb/v7e-m+fp/hard/crtbegin.o
                [!provide]                        PROVIDE (__fini_array_end = .)
                0x0800138c                        . = ALIGN (0x4)
                0x0800138c                        _sidata = LOADADDR (.data)

.data           0x20000000        0x0 load address 0x0800138c
                0x20000000                        . = ALIGN (0x4)
                0x20000000                        _sdata = .
 *(.data)
 *(.data*)
 *(.RamFunc)
 *(.RamFunc*)
                0x20000000                        . = ALIGN (0x4)
                0x20000000                        _edata = .
                0x0800138c                        _siccmram = LOADADDR (.ccmram)

.igot.plt       0x20000000        0x0 load address 0x0800138c
 .igot.plt      0x20000000        0x0 C:/ST/STM32CubeIDE_1.0.1/STM32CubeIDE/plugins/com.st.stm32cube.ide.mcu.externaltools.gnu-tools-for-stm32.12.3.rel1.win32_1.0.200.202406191623/tools/bin/../lib/gcc/arm-none-eabi/12.3.1/thumb/v7e-m+fp/hard/crtbegin.o

.ccmram         0x10000000        0x0 load address 0x0800138c
                0x10000000                        . = ALIGN (0x4)
                0x10000000                        _sccmram = .
 *(.ccmram)
 *(.ccmram*)
                0x10000000                        . = ALIGN (0x4)
                0x10000000                        _eccmram = .
                0x10000000                        . = ALIGN (0x4)

.bss            0x20000000       0x1c
                0x20000000                        _sbss = .
                0x20000000                        __bss_start__ = _sbss
 *(.bss)
 .bss           0x20000000       0x1c C:/ST/STM32CubeIDE_1.0.1/STM32CubeIDE/plugins/com.st.stm32cube.ide.mcu.externaltools.gnu-tools-for-stm32.12.3.rel1.win32_1.0.200.202406191623/tools/bin/../lib/gcc/arm-none-eabi/12.3.1/thumb/v7e-m+fp/hard/crtbegin.o
 *(.bss*)
 *(COMMON)
                0x2000001c                        . = ALIGN (0x4)
                0x2000001c                        _ebss = .
                0x2000001c                        __bss_end__ = _ebss

._user_heap_stack
                0x2000001c      0x604
                0x20000020                        . = ALIGN (0x8)
 *fill*         0x2000001c        0x4 
                [!provide]                        PROVIDE (end = .)
                0x20000020                        PROVIDE (_end = .)
                0x20000220                        . = (. + _Min_Heap_Size)
 *fill*         0x20000020      0x200 
                0x20000620                        . = (. + _Min_Stack_Size)
 *fill*         0x20000220      0x400 
                0x20000620                        . = ALIGN (0x8)

/DISCARD/
 libc.a(*)
 libm.a(*)
 libgcc.a(*)

.ARM.attributes
                0x00000000       0x30
 *(.ARM.attributes)
 .ARM.attributes
                0x00000000       0x22 C:/ST/STM32CubeIDE_1.0.1/STM32CubeIDE/plugins/com.st.stm32cube.ide.mcu.externaltools.gnu-tools-for-stm32.12.3.rel1.win32_1.0.200.202406191623/tools/bin/../lib/gcc/arm-none-eabi/12.3.1/thumb/v7e-m+fp/hard/crti.o
 .ARM.attributes
                0x00000022       0x34 C:/ST/STM32CubeIDE_1.0.1/STM32CubeIDE/plugins/com.st.stm32cube.ide.mcu.externaltools.gnu-tools-for-stm32.12.3.rel1.win32_1.0.200.202406191623/tools/bin/../lib/gcc/arm-none-eabi/12.3.1/thumb/v7e-m+fp/hard/crtbegin.o
 .ARM.attributes
                0x00000056       0x34 ./Src/main.o
 .ARM.attributes
                0x0000008a       0x21 ./Startup/startup_stm32f407vgtx.o
 .ARM.attributes
                0x000000ab       0x34 ./drv/src/DEM128064E1FGH.o
 .ARM.attributes
                0x000000df       0x34 ./drv/src/LCDHAL.o
 .ARM.attributes
                0x00000113       0x34 ./drv/src/Stm32f407xx_RCC.o
 .ARM.attributes
                0x00000147       0x34 ./drv/src/keybrd.o
 .ARM.attributes
                0x0000017b       0x34 ./drv/src/stm32f407xx_gpio.o
 .ARM.attributes
                0x000001af       0x34 ./drv/src/stm32f407xx_spi.o
 .ARM.attributes
                0x000001e3       0x34 ./drv/src/stm32f407xx_tim.o
 .ARM.attributes
                0x00000217       0x34 C:/ST/STM32CubeIDE_1.0.1/STM32CubeIDE/plugins/com.st.stm32cube.ide.mcu.externaltools.gnu-tools-for-stm32.12.3.rel1.win32_1.0.200.202406191623/tools/bin/../lib/gcc/arm-none-eabi/12.3.1/../../../../arm-none-eabi/lib/thumb/v7e-m+fp/hard\libc_nano.a(libc_a-init.o)
 .ARM.attributes
                0x0000024b       0x22 C:/ST/STM32CubeIDE_1.0.1/STM32CubeIDE/plugins/com.st.stm32cube.ide.mcu.externaltools.gnu-tools-for-stm32.12.3.rel1.win32_1.0.200.202406191623/tools/bin/../lib/gcc/arm-none-eabi/12.3.1/thumb/v7e-m+fp/hard/crtn.o
OUTPUT(ks100.elf elf32-littlearm)
LOAD linker stubs
LOAD C:/ST/STM32CubeIDE_1.0.1/STM32CubeIDE/plugins/com.st.stm32cube.ide.mcu.externaltools.gnu-tools-for-stm32.12.3.rel1.win32_1.0.200.202406191623/tools/bin/../lib/gcc/arm-none-eabi/12.3.1/../../../../arm-none-eabi/lib/thumb/v7e-m+fp/hard\libc.a
LOAD C:/ST/STM32CubeIDE_1.0.1/STM32CubeIDE/plugins/com.st.stm32cube.ide.mcu.externaltools.gnu-tools-for-stm32.12.3.rel1.win32_1.0.200.202406191623/tools/bin/../lib/gcc/arm-none-eabi/12.3.1/../../../../arm-none-eabi/lib/thumb/v7e-m+fp/hard\libm.a
LOAD C:/ST/STM32CubeIDE_1.0.1/STM32CubeIDE/plugins/com.st.stm32cube.ide.mcu.externaltools.gnu-tools-for-stm32.12.3.rel1.win32_1.0.200.202406191623/tools/bin/../lib/gcc/arm-none-eabi/12.3.1/thumb/v7e-m+fp/hard\libgcc.a

.debug_info     0x00000000     0x2acc
 .debug_info    0x00000000      0x643 ./Src/main.o
 .debug_info    0x00000643       0x30 ./Startup/startup_stm32f407vgtx.o
 .debug_info    0x00000673      0x60a ./drv/src/DEM128064E1FGH.o
 .debug_info    0x00000c7d      0x5a0 ./drv/src/LCDHAL.o
 .debug_info    0x0000121d      0x36c ./drv/src/Stm32f407xx_RCC.o
 .debug_info    0x00001589      0x216 ./drv/src/keybrd.o
 .debug_info    0x0000179f      0x6a1 ./drv/src/stm32f407xx_gpio.o
 .debug_info    0x00001e40      0x800 ./drv/src/stm32f407xx_spi.o
 .debug_info    0x00002640      0x48c ./drv/src/stm32f407xx_tim.o

.debug_abbrev   0x00000000      0xa2e
 .debug_abbrev  0x00000000      0x191 ./Src/main.o
 .debug_abbrev  0x00000191       0x24 ./Startup/startup_stm32f407vgtx.o
 .debug_abbrev  0x000001b5      0x1c2 ./drv/src/DEM128064E1FGH.o
 .debug_abbrev  0x00000377      0x151 ./drv/src/LCDHAL.o
 .debug_abbrev  0x000004c8       0xbe ./drv/src/Stm32f407xx_RCC.o
 .debug_abbrev  0x00000586       0xd6 ./drv/src/keybrd.o
 .debug_abbrev  0x0000065c      0x129 ./drv/src/stm32f407xx_gpio.o
 .debug_abbrev  0x00000785      0x19a ./drv/src/stm32f407xx_spi.o
 .debug_abbrev  0x0000091f      0x10f ./drv/src/stm32f407xx_tim.o

.debug_aranges  0x00000000      0x2b0
 .debug_aranges
                0x00000000       0x30 ./Src/main.o
 .debug_aranges
                0x00000030       0x28 ./Startup/startup_stm32f407vgtx.o
 .debug_aranges
                0x00000058       0xb8 ./drv/src/DEM128064E1FGH.o
 .debug_aranges
                0x00000110       0x20 ./drv/src/LCDHAL.o
 .debug_aranges
                0x00000130       0x20 ./drv/src/Stm32f407xx_RCC.o
 .debug_aranges
                0x00000150       0x20 ./drv/src/keybrd.o
 .debug_aranges
                0x00000170       0x70 ./drv/src/stm32f407xx_gpio.o
 .debug_aranges
                0x000001e0       0xa8 ./drv/src/stm32f407xx_spi.o
 .debug_aranges
                0x00000288       0x28 ./drv/src/stm32f407xx_tim.o

.debug_rnglists
                0x00000000      0x1e6
 .debug_rnglists
                0x00000000       0x1f ./Src/main.o
 .debug_rnglists
                0x0000001f       0x19 ./Startup/startup_stm32f407vgtx.o
 .debug_rnglists
                0x00000038       0x85 ./drv/src/DEM128064E1FGH.o
 .debug_rnglists
                0x000000bd       0x14 ./drv/src/LCDHAL.o
 .debug_rnglists
                0x000000d1       0x14 ./drv/src/Stm32f407xx_RCC.o
 .debug_rnglists
                0x000000e5       0x14 ./drv/src/keybrd.o
 .debug_rnglists
                0x000000f9       0x53 ./drv/src/stm32f407xx_gpio.o
 .debug_rnglists
                0x0000014c       0x81 ./drv/src/stm32f407xx_spi.o
 .debug_rnglists
                0x000001cd       0x19 ./drv/src/stm32f407xx_tim.o

.debug_macro    0x00000000     0x1bed
 .debug_macro   0x00000000       0xd7 ./Src/main.o
 .debug_macro   0x000000d7      0xaba ./Src/main.o
 .debug_macro   0x00000b91       0x22 ./Src/main.o
 .debug_macro   0x00000bb3       0x8e ./Src/main.o
 .debug_macro   0x00000c41       0x51 ./Src/main.o
 .debug_macro   0x00000c92      0x103 ./Src/main.o
 .debug_macro   0x00000d95       0x6a ./Src/main.o
 .debug_macro   0x00000dff      0x1df ./Src/main.o
 .debug_macro   0x00000fde      0x189 ./Src/main.o
 .debug_macro   0x00001167      0x4ab ./Src/main.o
 .debug_macro   0x00001612       0xc4 ./Src/main.o
 .debug_macro   0x000016d6       0x40 ./Src/main.o
 .debug_macro   0x00001716       0xad ./drv/src/DEM128064E1FGH.o
 .debug_macro   0x000017c3       0xb9 ./drv/src/LCDHAL.o
 .debug_macro   0x0000187c       0xa3 ./drv/src/Stm32f407xx_RCC.o
 .debug_macro   0x0000191f       0xab ./drv/src/keybrd.o
 .debug_macro   0x000019ca       0xa3 ./drv/src/stm32f407xx_gpio.o
 .debug_macro   0x00001a6d       0x3a ./drv/src/stm32f407xx_gpio.o
 .debug_macro   0x00001aa7       0xa3 ./drv/src/stm32f407xx_spi.o
 .debug_macro   0x00001b4a       0xa3 ./drv/src/stm32f407xx_tim.o

.debug_line     0x00000000     0x36ce
 .debug_line    0x00000000      0x576 ./Src/main.o
 .debug_line    0x00000576       0x7b ./Startup/startup_stm32f407vgtx.o
 .debug_line    0x000005f1      0x718 ./drv/src/DEM128064E1FGH.o
 .debug_line    0x00000d09      0x527 ./drv/src/LCDHAL.o
 .debug_line    0x00001230      0x623 ./drv/src/Stm32f407xx_RCC.o
 .debug_line    0x00001853      0x4e3 ./drv/src/keybrd.o
 .debug_line    0x00001d36      0x9bb ./drv/src/stm32f407xx_gpio.o
 .debug_line    0x000026f1      0xab4 ./drv/src/stm32f407xx_spi.o
 .debug_line    0x000031a5      0x529 ./drv/src/stm32f407xx_tim.o

.debug_str      0x00000000     0x64c1
 .debug_str     0x00000000     0x5ebf ./Src/main.o
                               0x60bf (size before relaxing)
 .debug_str     0x00005ebf       0x3f ./Startup/startup_stm32f407vgtx.o
                                 0x7b (size before relaxing)
 .debug_str     0x00005efe      0x118 ./drv/src/DEM128064E1FGH.o
                               0x5f8e (size before relaxing)
 .debug_str     0x00006016      0x182 ./drv/src/LCDHAL.o
                               0x602e (size before relaxing)
 .debug_str     0x00006198       0x28 ./drv/src/Stm32f407xx_RCC.o
                               0x5f22 (size before relaxing)
 .debug_str     0x000061c0       0x1b ./drv/src/keybrd.o
                               0x5e77 (size before relaxing)
 .debug_str     0x000061db      0x12d ./drv/src/stm32f407xx_gpio.o
                               0x60cf (size before relaxing)
 .debug_str     0x00006308      0x195 ./drv/src/stm32f407xx_spi.o
                               0x6138 (size before relaxing)
 .debug_str     0x0000649d       0x24 ./drv/src/stm32f407xx_tim.o
                               0x5f7b (size before relaxing)

.comment        0x00000000       0x43
 .comment       0x00000000       0x43 ./Src/main.o
                                 0x44 (size before relaxing)
 .comment       0x00000043       0x44 ./drv/src/DEM128064E1FGH.o
 .comment       0x00000043       0x44 ./drv/src/LCDHAL.o
 .comment       0x00000043       0x44 ./drv/src/Stm32f407xx_RCC.o
 .comment       0x00000043       0x44 ./drv/src/keybrd.o
 .comment       0x00000043       0x44 ./drv/src/stm32f407xx_gpio.o
 .comment       0x00000043       0x44 ./drv/src/stm32f407xx_spi.o
 .comment       0x00000043       0x44 ./drv/src/stm32f407xx_tim.o

.debug_frame    0x00000000      0x900
 .debug_frame   0x00000000       0x74 ./Src/main.o
 .debug_frame   0x00000074      0x2d8 ./drv/src/DEM128064E1FGH.o
 .debug_frame   0x0000034c       0x34 ./drv/src/LCDHAL.o
 .debug_frame   0x00000380       0x38 ./drv/src/Stm32f407xx_RCC.o
 .debug_frame   0x000003b8       0x34 ./drv/src/keybrd.o
 .debug_frame   0x000003ec      0x1c8 ./drv/src/stm32f407xx_gpio.o
 .debug_frame   0x000005b4      0x2c0 ./drv/src/stm32f407xx_spi.o
 .debug_frame   0x00000874       0x60 ./drv/src/stm32f407xx_tim.o
 .debug_frame   0x000008d4       0x2c C:/ST/STM32CubeIDE_1.0.1/STM32CubeIDE/plugins/com.st.stm32cube.ide.mcu.externaltools.gnu-tools-for-stm32.12.3.rel1.win32_1.0.200.202406191623/tools/bin/../lib/gcc/arm-none-eabi/12.3.1/../../../../arm-none-eabi/lib/thumb/v7e-m+fp/hard\libc_nano.a(libc_a-init.o)

.debug_line_str
                0x00000000       0x5f
 .debug_line_str
                0x00000000       0x5f ./Startup/startup_stm32f407vgtx.o
