../drv/src/DEM128064E1FGH.c:13:6:LCD_RST	8	static
../drv/src/DEM128064E1FGH.c:23:6:LCD_Onoff	24	static
../drv/src/DEM128064E1FGH.c:41:6:LCD_StrtLineAddr	24	static
../drv/src/DEM128064E1FGH.c:53:6:LCD_PageAddr	16	static
../drv/src/DEM128064E1FGH.c:64:6:LCD_ClmnAddr	16	static
../drv/src/DEM128064E1FGH.c:78:6:LCD_DataWrite	16	static
../drv/src/DEM128064E1FGH.c:88:6:LCD_ADC	24	static
../drv/src/DEM128064E1FGH.c:105:6:LCD_Orint	24	static
../drv/src/DEM128064E1FGH.c:125:6:LCD_DisplayAllPnts	24	static
../drv/src/DEM128064E1FGH.c:142:6:LCD_Bias	16	static
../drv/src/DEM128064E1FGH.c:152:6:LCD_KlmnIncrmnt	16	static
../drv/src/DEM128064E1FGH.c:161:6:LCD_End	16	static
../drv/src/DEM128064E1FGH.c:170:6:LCD_Rst	16	static
../drv/src/DEM128064E1FGH.c:179:6:LCD_PwrConfig	16	static
../drv/src/DEM128064E1FGH.c:199:6:LCD_RbRa	16	static
../drv/src/DEM128064E1FGH.c:209:6:LCD_SttkIndkt	24	static
../drv/src/DEM128064E1FGH.c:230:6:LCD_BstMult	16	static
../drv/src/DEM128064E1FGH.c:242:6:LCD_Evol	16	static
../drv/src/DEM128064E1FGH.c:254:6:LCD_ComMode	16	static
../drv/src/DEM128064E1FGH.c:265:6:LCD_Normal	24	static
